{
    "test-snapaligner-index": {
        "content": [
            [
                "Genome",
                "GenomeIndex",
                "GenomeIndexHash",
                "OverflowTable"
            ],
            [
                "versions.yml:md5,6640e4fe1009b6ff26ec0bedead6e7a7"
            ]
        ],
        "meta": {
            "nf-test": "0.9.2",
            "nextflow": "25.04.2"
        },
        "timestamp": "2025-05-20T14:36:42.213394443"
    },
    "test-snapaligner-index-stub": {
        "content": [
            {
                "0": [
                    [
                        {
                            "id": "test"
                        },
                        [
                            "Genome:md5,0154c489847fa6b3c612032782171293",
                            "GenomeIndex:md5,396ff91fd60821ae64be3aabe1dc98e7",
                            "GenomeIndexHash:md5,93800486f6f0a848562ef44675766907",
                            "OverflowTable:md5,719c5fe8b14741a4afb6f9b0e270db98"
                        ]
                    ]
                ],
                "1": [
                    "versions.yml:md5,10e43290f46aae214ca55605415227eb"
                ],
                "index": [
                    [
                        {
                            "id": "test"
                        },
                        [
                            "Genome:md5,0154c489847fa6b3c612032782171293",
                            "GenomeIndex:md5,396ff91fd60821ae64be3aabe1dc98e7",
                            "GenomeIndexHash:md5,93800486f6f0a848562ef44675766907",
                            "OverflowTable:md5,719c5fe8b14741a4afb6f9b0e270db98"
                        ]
                    ]
                ],
                "versions": [
                    "versions.yml:md5,10e43290f46aae214ca55605415227eb"
                ]
            }
        ],
        "meta": {
            "nf-test": "0.9.2",
            "nextflow": "25.04.2"
        },
        "timestamp": "2025-05-20T14:36:50.657615101"
    }
}