{
    "sarscov2 - fasta - stub": {
        "content": [
            "dragmap",
            "versions.yml"
        ],
        "meta": {
            "nf-test": "0.9.2",
            "nextflow": "25.02.1"
        },
        "timestamp": "2023-11-22T13:42:22.53412378"
    },
    "sarscov2 - fasta": {
        "content": [
            "dragmap",
            "versions.yml"
        ],
        "meta": {
            "nf-test": "0.9.2",
            "nextflow": "25.02.1"
        },
        "timestamp": "2023-11-22T12:53:25.493202451"
    }
}