{
    "references_file with params - references_value without params + replace basepath with s3": {
        "content": [
            {
                "0": [
                    [
                        {
                            "id": "GRCh38_chr22"
                        },
                        "/nf-core/test-datasets/modules/data/genomics/sarscov2/genome/genome.fasta"
                    ]
                ],
                "1": [
                    [
                        {
                            "id": "GRCh38_chr22"
                        },
                        "Homo_sapiens"
                    ]
                ],
                "references_file": [
                    [
                        {
                            "id": "GRCh38_chr22"
                        },
                        "/nf-core/test-datasets/modules/data/genomics/sarscov2/genome/genome.fasta"
                    ]
                ],
                "references_value": [
                    [
                        {
                            "id": "GRCh38_chr22"
                        },
                        "Homo_sapiens"
                    ]
                ]
            }
        ],
        "meta": {
            "nf-test": "0.9.2",
            "nextflow": "25.02.1"
        },
        "timestamp": "2025-03-28T11:16:31.722406802"
    }
}